Microchip MPLAB XC8 Compiler V2.45

Linker command line:

-W-3 \
  --edf=C:\Program Files\Microchip\xc8\v2.45\pic\dat\20230818022343_en.msgs \
  -cn -h+dist/default/debug\simple_calculator.debug.sym \
  --cmf=dist/default/debug\simple_calculator.debug.cmf -z -Q18F4620 \
  -oC:\Users\Blu-Ray\AppData\Local\Temp\xcAsf70.\driver_tmp_3.o \
  --defsym=__MPLAB_BUILD=1 --fixupoverflow=error \
  -Mdist/default/debug/simple_calculator.debug.map \
  --md=C:\Users\Blu-Ray\AppData\Local\Temp\xcAsf70.\driver_tmp_0.dat -E1 \
  -ver=XC8 Compiler --acfsm=1493 -ACODE=00h-0FFFFh -ACONST=00h-0FFFFh \
  -ASMALLCONST=01000h-010FFhx240 -AMEDIUMCONST=01000h-0FFFFh \
  -ACOMRAM=01h-07Fh -AABS1=00h-0F7Fh -ABIGRAM=01h-0F7Fh \
  -ARAM=080h-0FFh,0100h-01FFhx14,0F00h-0F7Fh -ABANK0=080h-0FFh \
  -ABANK1=0100h-01FFh -ABANK2=0200h-02FFh -ABANK3=0300h-03FFh \
  -ABANK4=0400h-04FFh -ABANK5=0500h-05FFh -ABANK6=0600h-06FFh \
  -ABANK7=0700h-07FFh -ABANK8=0800h-08FFh -ABANK9=0900h-09FFh \
  -ABANK10=0A00h-0AFFh -ABANK11=0B00h-0BFFh -ABANK12=0C00h-0CFFh \
  -ABANK13=0D00h-0DFFh -ABANK14=0E00h-0EFFh -ABANK15=0F00h-0F7Fh \
  -ASFR=0F80h-0FFFh -ABIGSFR=0F80h-0FFFh -ACONFIG=0300000h-030000Dh \
  -AIDLOC=0200000h-0200007h -AEEDATA=0F00000h-0F003FFh -peeprom_data=EEDATA \
  -preset_vec=00h,intcode,intcodelo,powerup,init -pramtop=01000h \
  -psmallconst=SMALLCONST -pmediumconst=MEDIUMCONST -pconst=CONST \
  -AFARRAM=00h-00h \
  -prdata=COMRAM,nvrram=COMRAM,nvbit=COMRAM,rbss=COMRAM,rbit=COMRAM \
  -pfarbss=FARRAM,fardata=FARRAM,nvFARRAM=FARRAM \
  -pintsave_regs=BIGRAM,bigbss=BIGRAM,bigdata=BIGRAM -pbss=RAM \
  -pidata=CODE,irdata=CODE,ibigdata=CODE,ifardata=CODE -prparam=COMRAM \
  C:\Users\Blu-Ray\AppData\Local\Temp\xcAsf70.\driver_tmp_14.o \
  dist/default/debug\simple_calculator.debug.o 

Object code version is 3.11

Machine type is 18F4620



                Name                               Link     Load   Length Selector   Space Scale
C:\Users\Blu-Ray\AppData\Local\Temp\xcAsf70.\driver_tmp_14.o
                config                           300000   300000        E        0       4
                init                                  0        0        4        0       0
dist/default/debug\simple_calculator.debug.o
                config                           300000   300000        E        0       4
                smallconst                         1000     1000       D6      800       0
                text59                             6210     6210      144      86B       0
                text58                             6354     6354      12C      86B       0
                text57                             7312     7312       6C      86B       0
                text56                             72A2     72A2       70      86B       0
                text55                             7840     7840       3A      86B       0
                text54                             7232     7232       70      86B       0
                text53                             7442     7442       5E      86B       0
                text52                             69C0     69C0       F2      86B       0
                text51                             796A     796A       16      86B       0
                text50                             7998     7998        6     3CCC       0
                text49                             5048     5048      39A      86B       0
                text48                             77CA     77CA       3C      86B       0
                text47                             67BE     67BE      104      86B       0
                text46                             78B2     78B2       38      86B       0
                text45                             4380     4380      4C0      86B       0
                text44                             7596     7596       46      86B       0
                text43                             5EE2     5EE2      1B4      86B       0
                text42                             4840     4840      42A      86B       0
                text41                             58B6     58B6      234      86B       0
                text40                             4C6A     4C6A      3DE      86B       0
                text39                             10D6     10D6     232A      86B       0
                text38                             6480     6480      128      86B       0
                text37                             6F30     6F30       AA      86B       0
                text36                             65A8     65A8      110      86B       0
                text35                             73E4     73E4       5E      86B       0
                text34                             7080     7080       98      86B       0
                text33                             778E     778E       3C      86B       0
                text32                             71A6     71A6       8C      86B       0
                text31                             5CFC     5CFC      1E6      86B       0
                text30                             5668     5668      24E      86B       0
                text29                             6B90     6B90       C8      86B       0
                text28                             7752     7752       3C      86B       0
                text27                             787A     787A       38      86B       0
                text26                             6C58     6C58       C4      86B       0
                text25                             6DD6     6DD6       B0      86B       0
                text24                             78EA     78EA       34      86B       0
                text23                             799E     799E        2     3CCC       0
                text22                             6D1C     6D1C       BA      86B       0
                text21                             765C     765C       40      86B       0
                text20                             737E     737E       66      86B       0
                text19                             6096     6096      17A      86B       0
                text18                             6E86     6E86       AA      86B       0
                text17                             66B8     66B8      106      86B       0
                text16                             68C2     68C2       FE      86B       0
                text15                             5AEA     5AEA      212      86B       0
                text14                             74A0     74A0       56      86B       0
                text13                             7546     7546       50      86B       0
                text12                             7806     7806       3A      86B       0
                text11                             3400     3400      9E8      86B       0
                text10                             7944     7944       26      86B       0
                text9                              6FDA     6FDA       A6      86B       0
                text8                              53E2     53E2      286      86B       0
                text7                              769C     769C       3E      86B       0
                text6                              761C     761C       40      86B       0
                text5                              75DC     75DC       40      86B       0
                text4                              74F6     74F6       50      86B       0
                text3                              6AB2     6AB2       DE      86B       0
                text2                              7716     7716       3C      86B       0
                text1                              76DA     76DA       3C      86B       0
                text0                              3DE8     3DE8      598      86B       0
                cstackCOMRAM                          1        1       7F        1       1
                cstackBANK0                          80       80       52       80       1
                cstackBANK1                         100      100       B8      100       1
                dataBANK2                           250      250       10      200       1
                bssBANK2                            200      200       50      200       1
                dataBANK1                           1B8      1B8       26      100       1
                bssBANK1                            1DE      1DE       1C      100       1
                dataBANK0                            F9       F9        7       80       1
                bssBANK0                             D2       D2       27       80       1
                cinit                              7118     7118       8E      86B       0
                idataBANK2                         7980     7980       10      86B       0
                idataBANK1                         791E     791E       26      86B       0
                idataBANK0                         7990     7990        7      86B       0

TOTAL           Name                               Link     Load   Length     Space
        CLASS   CODE           
                init                                  0        0        4         0
                text59                             6210     6210      144         0
                text58                             6354     6354      12C         0
                text57                             7312     7312       6C         0
                text56                             72A2     72A2       70         0
                text55                             7840     7840       3A         0
                text54                             7232     7232       70         0
                text53                             7442     7442       5E         0
                text52                             69C0     69C0       F2         0
                text51                             796A     796A       16         0
                text50                             7998     7998        6         0
                text49                             5048     5048      39A         0
                text48                             77CA     77CA       3C         0
                text47                             67BE     67BE      104         0
                text46                             78B2     78B2       38         0
                text45                             4380     4380      4C0         0
                text44                             7596     7596       46         0
                text43                             5EE2     5EE2      1B4         0
                text42                             4840     4840      42A         0
                text41                             58B6     58B6      234         0
                text40                             4C6A     4C6A      3DE         0
                text39                             10D6     10D6     232A         0
                text38                             6480     6480      128         0
                text37                             6F30     6F30       AA         0
                text36                             65A8     65A8      110         0
                text35                             73E4     73E4       5E         0
                text34                             7080     7080       98         0
                text33                             778E     778E       3C         0
                text32                             71A6     71A6       8C         0
                text31                             5CFC     5CFC      1E6         0
                text30                             5668     5668      24E         0
                text29                             6B90     6B90       C8         0
                text28                             7752     7752       3C         0
                text27                             787A     787A       38         0
                text26                             6C58     6C58       C4         0
                text25                             6DD6     6DD6       B0         0
                text24                             78EA     78EA       34         0
                text23                             799E     799E        2         0
                text22                             6D1C     6D1C       BA         0
                text21                             765C     765C       40         0
                text20                             737E     737E       66         0
                text19                             6096     6096      17A         0
                text18                             6E86     6E86       AA         0
                text17                             66B8     66B8      106         0
                text16                             68C2     68C2       FE         0
                text15                             5AEA     5AEA      212         0
                text14                             74A0     74A0       56         0
                text13                             7546     7546       50         0
                text12                             7806     7806       3A         0
                text11                             3400     3400      9E8         0
                text10                             7944     7944       26         0
                text9                              6FDA     6FDA       A6         0
                text8                              53E2     53E2      286         0
                text7                              769C     769C       3E         0
                text6                              761C     761C       40         0
                text5                              75DC     75DC       40         0
                text4                              74F6     74F6       50         0
                text3                              6AB2     6AB2       DE         0
                text2                              7716     7716       3C         0
                text1                              76DA     76DA       3C         0
                text0                              3DE8     3DE8      598         0
                cinit                              7118     7118       8E         0
                idataBANK2                         7980     7980       10         0
                idataBANK1                         791E     791E       26         0
                idataBANK0                         7990     7990        7         0

        CLASS   CONST          

        CLASS   SMALLCONST     
                smallconst                         1000     1000       D6         0

        CLASS   MEDIUMCONST    

        CLASS   COMRAM         
                cstackCOMRAM                          1        1       7F         1

        CLASS   ABS1           

        CLASS   BIGRAM         

        CLASS   RAM            

        CLASS   BANK0          
                cstackBANK0                          80       80       52         1
                dataBANK0                            F9       F9        7         1
                bssBANK0                             D2       D2       27         1

        CLASS   BANK1          
                cstackBANK1                         100      100       B8         1
                dataBANK1                           1B8      1B8       26         1
                bssBANK1                            1DE      1DE       1C         1

        CLASS   BANK2          
                dataBANK2                           250      250       10         1
                bssBANK2                            200      200       50         1

        CLASS   BANK3          

        CLASS   BANK4          

        CLASS   BANK5          

        CLASS   BANK6          

        CLASS   BANK7          

        CLASS   BANK8          

        CLASS   BANK9          

        CLASS   BANK10         

        CLASS   BANK11         

        CLASS   BANK12         

        CLASS   BANK13         

        CLASS   BANK14         

        CLASS   BANK15         

        CLASS   SFR            

        CLASS   BIGSFR         

        CLASS   CONFIG         
                config                           300000   300000        E         4

        CLASS   IDLOC          

        CLASS   EEDATA         

        CLASS   FARRAM         

        CLASS   HEAP           

        CLASS   STACK          



SEGMENTS        Name                           Load    Length   Top    Selector   Space  Class

                reset_vec                      000000  000004  000004         0       0  CODE    
                cstackCOMRAM                   000001  00007F  000080         1       1  COMRAM  
                cstackBANK0                    000080  000080  000100        80       1  BANK0   
                cstackBANK1                    000100  0000FA  0001FA       100       1  BANK1   
                bssBANK2                       000200  000060  000260       200       1  BANK2   
                smallconst                     001000  0000D6  0010D6       800       0  SMALLCON
                text39                         0010D6  0068C1  007997       86B       0  CODE    
                text50                         007998  000008  0079A0      3CCC       0  CODE    


UNUSED ADDRESS RANGES

        Name                Unused          Largest block    Delta
        BANK1            0001FA-0001FF                6
        BANK10           000A00-000AFF              100
        BANK11           000B00-000BFF              100
        BANK12           000C00-000CFF              100
        BANK13           000D00-000DFF              100
        BANK14           000E00-000EFF              100
        BANK15           000F00-000F7F               80
        BANK2            000260-0002FF               A0
        BANK3            000300-0003FF              100
        BANK4            000400-0004FF              100
        BANK5            000500-0005FF              100
        BANK6            000600-0006FF              100
        BANK7            000700-0007FF              100
        BANK8            000800-0008FF              100
        BANK9            000900-0009FF              100
        BIGRAM           0001FA-0001FF                6
                         000260-000F7F              D20
        BIGSFR           000F80-000FFF               80
        CODE             000004-000FFF              FFC
                         007997-007997                1
                         0079A0-00FFFF             8660
        CONST            000004-000FFF              FFC
                         007997-007997                1
                         0079A0-00FFFF             8660
        EEDATA           F00000-F003FF              400
        IDLOC            200000-200007                8
        MEDIUMCONST      007997-007997                1
                         0079A0-00FFFF             8660
        RAM              0001FA-0001FF                6
                         000260-000F7F              100
        SFR              000F80-000FFF               80
        SMALLCONST       007997-007997                1
                         0079A0-00FFFF              100

                                  Symbol Table

?___awdiv                                          cstackCOMRAM 000001
?___awmod                                          cstackCOMRAM 000001
?___fladd                                          cstackCOMRAM 000032
?___fldiv                                          cstackCOMRAM 000042
?___flmul                                          cstackCOMRAM 000019
?___flneg                                          cstackCOMRAM 000001
?___flsub                                          cstackCOMRAM 00005B
?___fltol                                          cstackCOMRAM 000001
?___fpclassifyf                                    cstackCOMRAM 000001
?___wmul                                           cstackCOMRAM 000001
?___xxtofl                                         cstackCOMRAM 00000B
?_abs                                              cstackCOMRAM 000007
?_floorf                                           cstackCOMRAM 00005B
?_labs                                             cstackCOMRAM 000001
?_powf                                             cstackCOMRAM 00006F
?_read_prec_or_width                               cstackCOMRAM 000007
?_scalbnf                                          cstackCOMRAM 000032
?_sprintf                                          cstackBANK0  0000B2
?_sqrtf                                            cstackCOMRAM 000001
?_vfprintf                                         cstackCOMRAM 00007C
Division_operation@num1_val                        cstackCOMRAM 00005B
Division_operation@num2_val                        cstackCOMRAM 00005F
Division_operation@result                          cstackCOMRAM 000063
_Application_Initialization                        text50       007998
_Division_operation                                text48       0077CA
_LATA                                              (abs)        000F89
_LATB                                              (abs)        000F8A
_LATC                                              (abs)        000F8B
_LATD                                              (abs)        000F8C
_LATE                                              (abs)        000F8D
_PORTA                                             (abs)        000F80
_PORTB                                             (abs)        000F81
_PORTC                                             (abs)        000F82
_PORTD                                             (abs)        000F83
_PORTE                                             (abs)        000F84
_TRISA                                             (abs)        000F92
_TRISB                                             (abs)        000F93
_TRISC                                             (abs)        000F94
_TRISD                                             (abs)        000F95
_TRISE                                             (abs)        000F96
__HRAM                                             (abs)        000000
__H__absolute__                                    __absolute__ 000000
__Habs1                                            abs1         000000
__Hbank0                                           bank0        000000
__Hbank1                                           bank1        000000
__Hbank10                                          bank10       000000
__Hbank11                                          bank11       000000
__Hbank12                                          bank12       000000
__Hbank13                                          bank13       000000
__Hbank14                                          bank14       000000
__Hbank15                                          bank15       000000
__Hbank2                                           bank2        000000
__Hbank3                                           bank3        000000
__Hbank4                                           bank4        000000
__Hbank5                                           bank5        000000
__Hbank6                                           bank6        000000
__Hbank7                                           bank7        000000
__Hbank8                                           bank8        000000
__Hbank9                                           bank9        000000
__Hbigbss                                          bigbss       000000
__Hbigdata                                         bigdata      000000
__Hbigram                                          bigram       000000
__Hbigsfr                                          bigsfr       000000
__Hbss                                             bss          000000
__HbssBANK0                                        bssBANK0     000000
__HbssBANK1                                        bssBANK1     000000
__HbssBANK2                                        bssBANK2     000000
__Hcinit                                           cinit        000000
__Hclrtext                                         clrtext      000000
__Hcomram                                          comram       000000
__Hconfig                                          config       30000E
__Hconst                                           const        000000
__HcstackBANK0                                     cstackBANK0  000000
__HcstackBANK1                                     cstackBANK1  000000
__HcstackCOMRAM                                    cstackCOMRAM 000000
__Hdata                                            data         000000
__HdataBANK0                                       dataBANK0    000000
__HdataBANK1                                       dataBANK1    000000
__HdataBANK2                                       dataBANK2    000000
__Heeprom_data                                     eeprom_data  000000
__Hfarbss                                          farbss       000000
__Hfardata                                         fardata      000000
__Hheap                                            heap         000000
__Hibigdata                                        ibigdata     000000
__Hidata                                           idata        000000
__HidataBANK0                                      idataBANK0   000000
__HidataBANK1                                      idataBANK1   000000
__HidataBANK2                                      idataBANK2   000000
__Hidloc                                           idloc        000000
__Hifardata                                        ifardata     000000
__Hinit                                            init         000004
__Hintcode                                         intcode      000000
__Hintcode_body                                    intcode_body 000000
__Hintcodelo                                       intcodelo    000000
__Hintentry                                        intentry     000000
__Hintret                                          intret       000000
__Hintsave_regs                                    intsave_regs 000000
__Hirdata                                          irdata       000000
__Hmediumconst                                     mediumconst  000000
__HnvFARRAM                                        nvFARRAM     000000
__Hnvbit                                           nvbit        000000
__Hnvrram                                          nvrram       000000
__Hparam                                           rparam       000000
__Hpowerup                                         powerup      000000
__Hram                                             ram          000000
__Hramtop                                          ramtop       001000
__Hrbit                                            rbit         000000
__Hrbss                                            rbss         000000
__Hrdata                                           rdata        000000
__Hreset_vec                                       reset_vec    000000
__Hrparam                                          rparam       000000
__Hsfr                                             sfr          000000
__Hsmallconst                                      smallconst   0010D6
__Hspace_0                                         (abs)        0079A0
__Hspace_1                                         (abs)        000260
__Hspace_2                                         (abs)        000000
__Hspace_4                                         (abs)        60000E
__Hstack                                           stack        000000
__Hstruct                                          struct       000000
__Htemp                                            temp         000000
__Htext                                            text         000000
__Htext0                                           text0        000000
__Htext1                                           text1        000000
__Htext10                                          text10       000000
__Htext11                                          text11       000000
__Htext12                                          text12       000000
__Htext13                                          text13       000000
__Htext14                                          text14       000000
__Htext15                                          text15       000000
__Htext16                                          text16       000000
__Htext17                                          text17       000000
__Htext18                                          text18       000000
__Htext19                                          text19       000000
__Htext2                                           text2        000000
__Htext20                                          text20       000000
__Htext21                                          text21       000000
__Htext22                                          text22       000000
__Htext23                                          text23       000000
__Htext24                                          text24       000000
__Htext25                                          text25       000000
__Htext26                                          text26       000000
__Htext27                                          text27       000000
__Htext28                                          text28       000000
__Htext29                                          text29       000000
__Htext3                                           text3        000000
__Htext30                                          text30       000000
__Htext31                                          text31       000000
__Htext32                                          text32       000000
__Htext33                                          text33       000000
__Htext34                                          text34       000000
__Htext35                                          text35       000000
__Htext36                                          text36       000000
__Htext37                                          text37       000000
__Htext38                                          text38       000000
__Htext39                                          text39       000000
__Htext4                                           text4        000000
__Htext40                                          text40       000000
__Htext41                                          text41       000000
__Htext42                                          text42       000000
__Htext43                                          text43       000000
__Htext44                                          text44       000000
__Htext45                                          text45       000000
__Htext46                                          text46       000000
__Htext47                                          text47       000000
__Htext48                                          text48       000000
__Htext49                                          text49       000000
__Htext5                                           text5        000000
__Htext50                                          text50       000000
__Htext51                                          text51       000000
__Htext52                                          text52       000000
__Htext53                                          text53       000000
__Htext54                                          text54       000000
__Htext55                                          text55       000000
__Htext56                                          text56       000000
__Htext57                                          text57       000000
__Htext58                                          text58       000000
__Htext59                                          text59       000000
__Htext6                                           text6        000000
__Htext7                                           text7        000000
__Htext8                                           text8        000000
__Htext9                                           text9        000000
__LRAM                                             (abs)        000001
__L__absolute__                                    __absolute__ 000000
__Labs1                                            abs1         000000
__Lbank0                                           bank0        000000
__Lbank1                                           bank1        000000
__Lbank10                                          bank10       000000
__Lbank11                                          bank11       000000
__Lbank12                                          bank12       000000
__Lbank13                                          bank13       000000
__Lbank14                                          bank14       000000
__Lbank15                                          bank15       000000
__Lbank2                                           bank2        000000
__Lbank3                                           bank3        000000
__Lbank4                                           bank4        000000
__Lbank5                                           bank5        000000
__Lbank6                                           bank6        000000
__Lbank7                                           bank7        000000
__Lbank8                                           bank8        000000
__Lbank9                                           bank9        000000
__Lbigbss                                          bigbss       000000
__Lbigdata                                         bigdata      000000
__Lbigram                                          bigram       000000
__Lbigsfr                                          bigsfr       000000
__Lbss                                             bss          000000
__LbssBANK0                                        bssBANK0     000000
__LbssBANK1                                        bssBANK1     000000
__LbssBANK2                                        bssBANK2     000000
__Lcinit                                           cinit        000000
__Lclrtext                                         clrtext      000000
__Lcomram                                          comram       000000
__Lconfig                                          config       000000
__Lconst                                           const        000000
__LcstackBANK0                                     cstackBANK0  000000
__LcstackBANK1                                     cstackBANK1  000000
__LcstackCOMRAM                                    cstackCOMRAM 000000
__Ldata                                            data         000000
__LdataBANK0                                       dataBANK0    000000
__LdataBANK1                                       dataBANK1    000000
__LdataBANK2                                       dataBANK2    000000
__Leeprom_data                                     eeprom_data  000000
__Lfarbss                                          farbss       000000
__Lfardata                                         fardata      000000
__Lheap                                            heap         000000
__Libigdata                                        ibigdata     000000
__Lidata                                           idata        000000
__LidataBANK0                                      idataBANK0   000000
__LidataBANK1                                      idataBANK1   000000
__LidataBANK2                                      idataBANK2   000000
__Lidloc                                           idloc        000000
__Lifardata                                        ifardata     000000
__Linit                                            init         000000
__Lintcode                                         intcode      000000
__Lintcode_body                                    intcode_body 000000
__Lintcodelo                                       intcodelo    000000
__Lintentry                                        intentry     000000
__Lintret                                          intret       000000
__Lintsave_regs                                    intsave_regs 000000
__Lirdata                                          irdata       000000
__Lmediumconst                                     mediumconst  000000
__LnvFARRAM                                        nvFARRAM     000000
__Lnvbit                                           nvbit        000000
__Lnvrram                                          nvrram       000000
__Lparam                                           rparam       000000
__Lpowerup                                         powerup      000000
__Lram                                             ram          000000
__Lramtop                                          ramtop       001000
__Lrbit                                            rbit         000000
__Lrbss                                            rbss         000000
__Lrdata                                           rdata        000000
__Lreset_vec                                       reset_vec    000000
__Lrparam                                          rparam       000000
__Lsfr                                             sfr          000000
__Lsmallconst                                      smallconst   001000
__Lspace_0                                         (abs)        000000
__Lspace_1                                         (abs)        000000
__Lspace_2                                         (abs)        000000
__Lspace_4                                         (abs)        000000
__Lstack                                           stack        000000
__Lstruct                                          struct       000000
__Ltemp                                            temp         000000
__Ltext                                            text         000000
__Ltext0                                           text0        000000
__Ltext1                                           text1        000000
__Ltext10                                          text10       000000
__Ltext11                                          text11       000000
__Ltext12                                          text12       000000
__Ltext13                                          text13       000000
__Ltext14                                          text14       000000
__Ltext15                                          text15       000000
__Ltext16                                          text16       000000
__Ltext17                                          text17       000000
__Ltext18                                          text18       000000
__Ltext19                                          text19       000000
__Ltext2                                           text2        000000
__Ltext20                                          text20       000000
__Ltext21                                          text21       000000
__Ltext22                                          text22       000000
__Ltext23                                          text23       000000
__Ltext24                                          text24       000000
__Ltext25                                          text25       000000
__Ltext26                                          text26       000000
__Ltext27                                          text27       000000
__Ltext28                                          text28       000000
__Ltext29                                          text29       000000
__Ltext3                                           text3        000000
__Ltext30                                          text30       000000
__Ltext31                                          text31       000000
__Ltext32                                          text32       000000
__Ltext33                                          text33       000000
__Ltext34                                          text34       000000
__Ltext35                                          text35       000000
__Ltext36                                          text36       000000
__Ltext37                                          text37       000000
__Ltext38                                          text38       000000
__Ltext39                                          text39       000000
__Ltext4                                           text4        000000
__Ltext40                                          text40       000000
__Ltext41                                          text41       000000
__Ltext42                                          text42       000000
__Ltext43                                          text43       000000
__Ltext44                                          text44       000000
__Ltext45                                          text45       000000
__Ltext46                                          text46       000000
__Ltext47                                          text47       000000
__Ltext48                                          text48       000000
__Ltext49                                          text49       000000
__Ltext5                                           text5        000000
__Ltext50                                          text50       000000
__Ltext51                                          text51       000000
__Ltext52                                          text52       000000
__Ltext53                                          text53       000000
__Ltext54                                          text54       000000
__Ltext55                                          text55       000000
__Ltext56                                          text56       000000
__Ltext57                                          text57       000000
__Ltext58                                          text58       000000
__Ltext59                                          text59       000000
__Ltext6                                           text6        000000
__Ltext7                                           text7        000000
__Ltext8                                           text8        000000
__Ltext9                                           text9        000000
__S0                                               (abs)        0079A0
__S1                                               (abs)        000260
__S4                                               (abs)        000000
__S5                                               (abs)        000000
___awdiv                                           text26       006C58
___awdiv@counter                                   cstackCOMRAM 000005
___awdiv@dividend                                  cstackCOMRAM 000001
___awdiv@divisor                                   cstackCOMRAM 000003
___awdiv@quotient                                  cstackCOMRAM 000007
___awdiv@sign                                      cstackCOMRAM 000006
___awmod                                           text25       006DD6
___awmod@counter                                   cstackCOMRAM 000005
___awmod@dividend                                  cstackCOMRAM 000001
___awmod@divisor                                   cstackCOMRAM 000003
___awmod@sign                                      cstackCOMRAM 000006
___fladd                                           text45       004380
___fladd@a                                         cstackCOMRAM 000036
___fladd@aexp                                      cstackCOMRAM 00003F
___fladd@b                                         cstackCOMRAM 000032
___fladd@bexp                                      cstackCOMRAM 000040
___fladd@grs                                       cstackCOMRAM 000041
___fladd@signs                                     cstackCOMRAM 00003E
___fldiv                                           text49       005048
___fldiv@a                                         cstackCOMRAM 000046
___fldiv@aexp                                      cstackCOMRAM 00005A
___fldiv@b                                         cstackCOMRAM 000042
___fldiv@bexp                                      cstackCOMRAM 000059
___fldiv@grs                                       cstackCOMRAM 000055
___fldiv@new_exp                                   cstackCOMRAM 000053
___fldiv@rem                                       cstackCOMRAM 00004E
___fldiv@sign                                      cstackCOMRAM 000052
___fleq                                            text18       006E86
___fleq@ff1                                        cstackCOMRAM 000001
___fleq@ff2                                        cstackCOMRAM 000005
___flge                                            text47       0067BE
___flge@ff1                                        cstackCOMRAM 000063
___flge@ff2                                        cstackCOMRAM 000067
___flmul                                           text42       004840
___flmul@a                                         cstackCOMRAM 00001D
___flmul@aexp                                      cstackCOMRAM 000026
___flmul@b                                         cstackCOMRAM 000019
___flmul@bexp                                      cstackCOMRAM 000027
___flmul@grs                                       cstackCOMRAM 000028
___flmul@prod                                      cstackCOMRAM 00002C
___flmul@sign                                      cstackCOMRAM 000025
___flmul@temp                                      cstackCOMRAM 000030
___flneg                                           text46       0078B2
___flneg@f1                                        cstackCOMRAM 000001
___flsub                                           text44       007596
___flsub@a                                         cstackCOMRAM 00005F
___flsub@b                                         cstackCOMRAM 00005B
___fltol                                           text17       0066B8
___fltol@exp1                                      cstackCOMRAM 00000A
___fltol@f1                                        cstackCOMRAM 000001
___fltol@sign1                                     cstackCOMRAM 000009
___fpclassifyf                                     text16       0068C2
___fpclassifyf@F465                                bssBANK1     0001E2
___fpclassifyf@e                                   cstackCOMRAM 000009
___fpclassifyf@u                                   cstackCOMRAM 00000B
___fpclassifyf@x                                   cstackCOMRAM 000001
___heap_hi                                         (abs)        000000
___heap_lo                                         (abs)        000000
___inthi_sp                                        stack        000000
___inthi_stack_hi                                  stack        000000
___inthi_stack_lo                                  stack        000000
___intlo_sp                                        stack        000000
___intlo_stack_hi                                  stack        000000
___intlo_stack_lo                                  stack        000000
___param_bank                                      (abs)        000000
___rparam_used                                     (abs)        000001
___sp                                              stack        000000
___stack_hi                                        stack        000000
___stack_lo                                        stack        000000
___wmul                                            text10       007944
___wmul@multiplicand                               cstackCOMRAM 000003
___wmul@multiplier                                 cstackCOMRAM 000001
___wmul@product                                    cstackCOMRAM 000005
___xxtofl                                          text43       005EE2
___xxtofl@arg                                      cstackCOMRAM 000015
___xxtofl@exp                                      cstackCOMRAM 000014
___xxtofl@sign                                     cstackCOMRAM 000013
___xxtofl@val                                      cstackCOMRAM 00000B
__accesstop                                        (abs)        000080
__activetblptr                                     (abs)        000002
__end_of_Application_Initialization                text50       00799E
__end_of_Division_operation                        text48       007806
__end_of_L1                                        smallconst   001061
__end_of_L2                                        smallconst   00105D
__end_of_L3                                        smallconst   001059
__end_of_L4                                        smallconst   001055
__end_of_L5                                        smallconst   001051
__end_of_L6                                        smallconst   00104D
__end_of_P1                                        smallconst   001049
__end_of_P2                                        smallconst   001045
__end_of_P3                                        smallconst   001041
__end_of_P4                                        smallconst   00103D
__end_of_P5                                        smallconst   001039
__end_of___awdiv                                   text26       006D1C
__end_of___awmod                                   text25       006E86
__end_of___fladd                                   text45       004840
__end_of___fldiv                                   text49       0053E2
__end_of___fleq                                    text18       006F30
__end_of___flge                                    text47       0068C2
__end_of___flmul                                   text42       004C6A
__end_of___flneg                                   text46       0078EA
__end_of___flsub                                   text44       0075DC
__end_of___fltol                                   text17       0067BE
__end_of___fpclassifyf                             text16       0069C0
__end_of___wmul                                    text10       00796A
__end_of___xxtofl                                  text43       006096
__end_of__initialization                           cinit        00719C
__end_of_abs                                       text24       00791E
__end_of_bp                                        smallconst   001019
__end_of_convert_arr_to_float                      text38       0065A8
__end_of_convert_float_to_string                   text5        00761C
__end_of_convert_int_to_string                     text4        007546
__end_of_cp                                        smallconst   001025
__end_of_cp_h                                      smallconst   001071
__end_of_cp_l                                      smallconst   00106D
__end_of_dp_h                                      smallconst   001011
__end_of_dp_l                                      smallconst   001009
__end_of_dtoa                                      text19       006210
__end_of_ecu_keypad_get_value                      text36       0066B8
__end_of_ecu_keypad_initialize                     text56       007312
__end_of_ecu_layer_Initialization                  text51       007980
__end_of_efgtoa                                    text11       003DE8
__end_of_floorf                                    text15       005CFC
__end_of_fputc                                     text22       006DD6
__end_of_fputs                                     text21       00769C
__end_of_get_number_and_operartion                 text31       005EE2
__end_of_get_third_number_and_third_operartion     text30       0058B6
__end_of_gpio_pin_direction_initialize             text59       006354
__end_of_gpio_pin_initialize                       text57       00737E
__end_of_gpio_pin_read_logic                       text37       006FDA
__end_of_gpio_pin_write_logic                      text58       006480
__end_of_initialize_var                            text29       006C58
__end_of_ivln2                                     smallconst   001021
__end_of_ivln2_h                                   smallconst   001069
__end_of_ivln2_l                                   smallconst   00101D
__end_of_labs                                      text14       0074F6
__end_of_lcd_4bit_initialize                       text52       006AB2
__end_of_lcd_4bit_send_char_data                   text35       007442
__end_of_lcd_4bit_send_char_data_pos               text33       0077CA
__end_of_lcd_4bit_send_command                     text53       0074A0
__end_of_lcd_4bit_send_enable_enable               text55       00787A
__end_of_lcd_4bit_send_string_pos                  text32       007232
__end_of_lcd_4bit_set_curser                       text34       007118
__end_of_lcd_send_4bit                             text54       0072A2
__end_of_lg2                                       smallconst   001035
__end_of_lg2_h                                     smallconst   001031
__end_of_lg2_l                                     smallconst   00102D
__end_of_main                                      text0        004380
__end_of_memcpy                                    text13       007596
__end_of_memset                                    text27       0078B2
__end_of_multiplication_operation                  text28       00778E
__end_of_ovt                                       smallconst   001029
__end_of_pad                                       text20       0073E4
__end_of_powf                                      text39       003400
__end_of_putch                                     text23       0079A0
__end_of_read_prec_or_width                        text9        007080
__end_of_scalbnf                                   text41       005AEA
__end_of_send_the_result_to_LCD                    text3        006B90
__end_of_sprintf                                   text6        00765C
__end_of_sqrtf                                     text40       005048
__end_of_strcpy                                    text12       007840
__end_of_subtraction_operation                     text2        007752
__end_of_sum_operation                             text1        007716
__end_of_two24                                     smallconst   001065
__end_of_vfpfcnvrt                                 text8        005668
__end_of_vfprintf                                  text7        0076DA
__initialization                                   cinit        007118
__mediumconst                                      mediumconst  000000
__pbssBANK0                                        bssBANK0     0000D2
__pbssBANK1                                        bssBANK1     0001DE
__pbssBANK2                                        bssBANK2     000200
__pcinit                                           cinit        007118
__pcstackBANK0                                     cstackBANK0  000080
__pcstackBANK1                                     cstackBANK1  000100
__pcstackCOMRAM                                    cstackCOMRAM 000001
__pdataBANK0                                       dataBANK0    0000F9
__pdataBANK1                                       dataBANK1    0001B8
__pdataBANK2                                       dataBANK2    000250
__pidataBANK0                                      idataBANK0   007990
__pidataBANK1                                      idataBANK1   00791E
__pidataBANK2                                      idataBANK2   007980
__psmallconst                                      smallconst   001000
__ptext0                                           text0        003DE8
__ptext1                                           text1        0076DA
__ptext10                                          text10       007944
__ptext11                                          text11       003400
__ptext12                                          text12       007806
__ptext13                                          text13       007546
__ptext14                                          text14       0074A0
__ptext15                                          text15       005AEA
__ptext16                                          text16       0068C2
__ptext17                                          text17       0066B8
__ptext18                                          text18       006E86
__ptext19                                          text19       006096
__ptext2                                           text2        007716
__ptext20                                          text20       00737E
__ptext21                                          text21       00765C
__ptext22                                          text22       006D1C
__ptext23                                          text23       00799E
__ptext24                                          text24       0078EA
__ptext25                                          text25       006DD6
__ptext26                                          text26       006C58
__ptext27                                          text27       00787A
__ptext28                                          text28       007752
__ptext29                                          text29       006B90
__ptext3                                           text3        006AB2
__ptext30                                          text30       005668
__ptext31                                          text31       005CFC
__ptext32                                          text32       0071A6
__ptext33                                          text33       00778E
__ptext34                                          text34       007080
__ptext35                                          text35       0073E4
__ptext36                                          text36       0065A8
__ptext37                                          text37       006F30
__ptext38                                          text38       006480
__ptext39                                          text39       0010D6
__ptext4                                           text4        0074F6
__ptext40                                          text40       004C6A
__ptext41                                          text41       0058B6
__ptext42                                          text42       004840
__ptext43                                          text43       005EE2
__ptext44                                          text44       007596
__ptext45                                          text45       004380
__ptext46                                          text46       0078B2
__ptext47                                          text47       0067BE
__ptext48                                          text48       0077CA
__ptext49                                          text49       005048
__ptext5                                           text5        0075DC
__ptext50                                          text50       007998
__ptext51                                          text51       00796A
__ptext52                                          text52       0069C0
__ptext53                                          text53       007442
__ptext54                                          text54       007232
__ptext55                                          text55       007840
__ptext56                                          text56       0072A2
__ptext57                                          text57       007312
__ptext58                                          text58       006354
__ptext59                                          text59       006210
__ptext6                                           text6        00761C
__ptext7                                           text7        00769C
__ptext8                                           text8        0053E2
__ptext9                                           text9        006FDA
__ramtop                                           ramtop       001000
__smallconst                                       smallconst   001000
_abs                                               text24       0078EA
_bp                                                smallconst   001011
_convert_arr_to_float                              text38       006480
_convert_arr_to_float$2091                         cstackBANK0  000087
_convert_arr_to_float$2092                         cstackBANK0  00008B
_convert_float_to_string                           text5        0075DC
_convert_int_to_string                             text4        0074F6
_counter_num1                                      bssBANK0     0000F8
_counter_num2                                      bssBANK0     0000F7
_counter_num3                                      bssBANK0     0000F6
_dbuf                                              bssBANK2     000200
_dp_h                                              smallconst   001009
_dp_l                                              smallconst   001001
_dtoa                                              text19       006096
_dtoa$1506                                         cstackCOMRAM 00001A
_ecu_keypad_get_value                              text36       0065A8
_ecu_keypad_initialize                             text56       0072A2
_ecu_layer_Initialization                          text51       00796A
_efgtoa                                            text11       003400
_efgtoa$1537                                       cstackBANK0  000086
_errno                                             bssBANK1     0001E6
_flags                                             bssBANK0     0000D6
_floorf                                            text15       005AEA
_fputc                                             text22       006D1C
_fputs                                             text21       00765C
_get_number_and_operartion                         text31       005CFC
_get_third_number_and_third_operartion             text30       005668
_gpio_pin_direction_initialize                     text59       006210
_gpio_pin_initialize                               text57       007312
_gpio_pin_read_logic                               text37       006F30
_gpio_pin_write_logic                              text58       006354
_initialize_var                                    text29       006B90
_keypad                                            dataBANK1    0001D6
_keypad_value                                      bssBANK0     0000DE
_keypad_values                                     dataBANK2    000250
_labs                                              text14       0074A0
_lat_registers                                     dataBANK1    0001C2
_lcd1                                              dataBANK0    0000F9
_lcd_4bit_initialize                               text52       0069C0
_lcd_4bit_send_char_data                           text35       0073E4
_lcd_4bit_send_char_data_pos                       text33       00778E
_lcd_4bit_send_command                             text53       007442
_lcd_4bit_send_enable_enable                       text55       007840
_lcd_4bit_send_string_pos                          text32       0071A6
_lcd_4bit_set_curser                               text34       007080
_lcd_counter                                       dataBANK0    0000FF
_lcd_send_4bit                                     text54       007232
_main                                              text0        003DE8
_memcpy                                            text13       007546
_memset                                            text27       00787A
_multiplication_operation                          text28       007752
_num1                                              bssBANK1     0001F6
_num1_val                                          bssBANK0     0000EF
_num2                                              bssBANK1     0001F2
_num2_val                                          bssBANK0     0000EB
_num3                                              bssBANK1     0001EE
_num3_val                                          bssBANK0     0000E7
_operation                                         bssBANK0     0000F5
_operation2                                        bssBANK0     0000F4
_operation3                                        bssBANK0     0000F3
_pad                                               text20       00737E
_port_registers                                    dataBANK1    0001B8
_powf                                              text39       0010D6
_powf$2094                                         cstackBANK1  000148
_powf$2095                                         cstackBANK1  00015C
_powf$2096                                         cstackBANK1  00014C
_powf$2097                                         cstackBANK1  00019C
_powf$2098                                         cstackBANK1  000138
_powf$2099                                         cstackBANK1  000100
_powf$2100                                         cstackBANK1  000104
_powf$2101                                         cstackBANK1  000160
_powf$2102                                         cstackBANK1  00013C
_powf$2103                                         cstackBANK1  000140
_powf$2104                                         cstackBANK1  000108
_powf$2105                                         cstackBANK1  00010C
_powf$2106                                         cstackBANK1  000110
_powf$2107                                         cstackBANK1  000114
_powf$2108                                         cstackBANK1  000118
_prec                                              bssBANK0     0000D4
_putch                                             text23       00799E
_read_prec_or_width                                text9        006FDA
_result                                            bssBANK0     0000E3
_scalbnf                                           text41       0058B6
_send_the_result_to_LCD                            text3        006AB2
_send_the_result_to_LCD$2093                       cstackBANK1  000150
_sprintf                                           text6        00761C
_sqrtf                                             text40       004C6A
_strcpy                                            text12       007806
_subtraction_operation                             text2        007716
_sum_operation                                     text1        0076DA
_temp1                                             bssBANK1     0001EC
_temp2                                             bssBANK1     0001EA
_temp_result                                       bssBANK1     0001E8
_total_result                                      bssBANK0     0000DF
_tris_registers                                    dataBANK1    0001CC
_vfpfcnvrt                                         text8        0053E2
_vfprintf                                          text7        00769C
_width                                             bssBANK0     0000D2
abs@a                                              cstackCOMRAM 000007
convert_arr_to_float@arr                           cstackBANK0  000080
convert_arr_to_float@count                         cstackBANK0  000090
convert_arr_to_float@count_power                   cstackBANK0  00008F
convert_arr_to_float@counter_num                   cstackBANK0  000082
convert_arr_to_float@num_value                     cstackBANK0  000083
convert_float_to_string@str                        cstackBANK0  0000CA
convert_float_to_string@value                      cstackBANK0  0000C6
convert_int_to_string@str                          cstackBANK0  0000C8
convert_int_to_string@value                        cstackBANK0  0000C6
dtoa@d                                             cstackCOMRAM 000018
dtoa@fp                                            cstackCOMRAM 000017
dtoa@i                                             cstackCOMRAM 000021
dtoa@p                                             cstackCOMRAM 00001E
dtoa@s                                             cstackCOMRAM 000020
dtoa@w                                             cstackCOMRAM 00001C
ecu_keypad_get_value@clear_rows_counter            cstackCOMRAM 000011
ecu_keypad_get_value@column_val                    cstackCOMRAM 000010
ecu_keypad_get_value@columns                       cstackCOMRAM 000013
ecu_keypad_get_value@keypad                        cstackCOMRAM 00000B
ecu_keypad_get_value@rows                          cstackCOMRAM 000012
ecu_keypad_get_value@value                         cstackCOMRAM 00000D
ecu_keypad_initialize@columns                      cstackCOMRAM 000014
ecu_keypad_initialize@keypad                       cstackCOMRAM 00000F
ecu_keypad_initialize@rows                         cstackCOMRAM 000013
ecu_led_initialize@F3483                           bssBANK0     0000DD
ecu_led_turn_off@F3493                             bssBANK0     0000DB
ecu_led_turn_on@F3488                              bssBANK0     0000DC
ecu_led_turn_toggle@F3498                          bssBANK0     0000DA
ecu_relay_initialize@F3477                         bssBANK0     0000D9
ecu_relay_off@F3487                                bssBANK0     0000D7
ecu_relay_on@F3482                                 bssBANK0     0000D8
efgtoa@c                                           cstackCOMRAM 000074
efgtoa@d                                           cstackBANK0  00008B
efgtoa@e                                           cstackBANK0  00008F
efgtoa@f                                           cstackCOMRAM 000070
efgtoa@fp                                          cstackCOMRAM 00006F
efgtoa@g                                           cstackBANK0  0000A2
efgtoa@h                                           cstackBANK0  000099
efgtoa@i                                           cstackBANK0  000097
efgtoa@l                                           cstackBANK0  00009D
efgtoa@m                                           cstackBANK0  00008D
efgtoa@mode                                        cstackBANK0  000089
efgtoa@n                                           cstackBANK0  0000A6
efgtoa@ne                                          cstackBANK0  000080
efgtoa@nmode                                       cstackBANK0  00008A
efgtoa@ou                                          cstackBANK0  000093
efgtoa@p                                           cstackBANK0  000082
efgtoa@pp                                          cstackBANK0  000088
efgtoa@sign                                        cstackBANK0  0000A1
efgtoa@t                                           cstackBANK0  000084
efgtoa@u                                           cstackBANK0  0000A8
efgtoa@w                                           cstackBANK0  000091
end_of_initialization                              cinit        00719C
floorf@F521                                        bssBANK1     0001DE
floorf@e                                           cstackCOMRAM 000069
floorf@m                                           cstackCOMRAM 000065
floorf@u                                           cstackCOMRAM 00006B
floorf@x                                           cstackCOMRAM 00005B
fputc@c                                            cstackCOMRAM 000001
fputc@fp                                           cstackCOMRAM 000003
fputs@c                                            cstackCOMRAM 00000C
fputs@fp                                           cstackCOMRAM 00000B
fputs@i                                            cstackCOMRAM 00000D
fputs@s                                            cstackCOMRAM 000009
get_number_and_operartion@counter_num              cstackCOMRAM 00001F
get_number_and_operartion@keypad_value             cstackCOMRAM 000024
get_number_and_operartion@lcd_counter              cstackCOMRAM 000020
get_number_and_operartion@num                      cstackCOMRAM 00001D
get_number_and_operartion@operation                cstackCOMRAM 000021
get_third_number_and_third_operartion@counter_num  cstackCOMRAM 00001F
get_third_number_and_third_operartion@keypad_value cstackCOMRAM 000024
get_third_number_and_third_operartion@lcd_counter  cstackCOMRAM 000020
get_third_number_and_third_operartion@num          cstackCOMRAM 00001D
get_third_number_and_third_operartion@operation    cstackCOMRAM 000021
gpio_pin_direction_initialize@_pin_config          cstackCOMRAM 000001
gpio_pin_direction_initialize@ret                  cstackCOMRAM 000009
gpio_pin_initialize@_pin_config                    cstackCOMRAM 00000B
gpio_pin_initialize@ret                            cstackCOMRAM 00000E
gpio_pin_read_logic@_pin_config                    cstackCOMRAM 000001
gpio_pin_read_logic@logic                          cstackCOMRAM 000003
gpio_pin_write_logic@_pin_config                   cstackCOMRAM 000001
gpio_pin_write_logic@logic                         cstackCOMRAM 000003
gpio_pin_write_logic@ret                           cstackCOMRAM 00000A
initialize_var@count                               cstackCOMRAM 000001
intlevel0                                          text         000000
intlevel1                                          text         000000
intlevel2                                          text         000000
intlevel3                                          text         000000
isa$std                                            (abs)        000001
isa$xinst                                          (abs)        000000
labs@a                                             cstackCOMRAM 000001
lcd_4bit_initialize@counter                        cstackCOMRAM 000014
lcd_4bit_initialize@lcd                            cstackCOMRAM 000012
lcd_4bit_initialize@ret                            cstackCOMRAM 000015
lcd_4bit_send_char_data@data                       cstackCOMRAM 000010
lcd_4bit_send_char_data@lcd                        cstackCOMRAM 00000F
lcd_4bit_send_char_data@ret                        cstackCOMRAM 000011
lcd_4bit_send_char_data_pos@column                 cstackCOMRAM 00001A
lcd_4bit_send_char_data_pos@data                   cstackCOMRAM 00001B
lcd_4bit_send_char_data_pos@lcd                    cstackCOMRAM 000018
lcd_4bit_send_char_data_pos@ret                    cstackCOMRAM 00001C
lcd_4bit_send_char_data_pos@row                    cstackCOMRAM 000019
lcd_4bit_send_command@command                      cstackCOMRAM 000010
lcd_4bit_send_command@lcd                          cstackCOMRAM 00000F
lcd_4bit_send_command@ret                          cstackCOMRAM 000011
lcd_4bit_send_enable_enable@lcd                    cstackCOMRAM 00000B
lcd_4bit_send_enable_enable@ret                    cstackCOMRAM 00000D
lcd_4bit_send_string_pos@column                    cstackCOMRAM 00001A
lcd_4bit_send_string_pos@lcd                       cstackCOMRAM 000018
lcd_4bit_send_string_pos@row                       cstackCOMRAM 000019
lcd_4bit_send_string_pos@str                       cstackCOMRAM 00001B
lcd_4bit_set_curser@column                         cstackCOMRAM 000014
lcd_4bit_set_curser@lcd                            cstackCOMRAM 000012
lcd_4bit_set_curser@ret                            cstackCOMRAM 000017
lcd_4bit_set_curser@row                            cstackCOMRAM 000013
lcd_send_4bit@command_data                         cstackCOMRAM 00000C
lcd_send_4bit@lcd                                  cstackCOMRAM 00000B
lcd_send_4bit@ret                                  cstackCOMRAM 00000E
memcpy@d                                           cstackCOMRAM 000008
memcpy@d1                                          cstackCOMRAM 000001
memcpy@n                                           cstackCOMRAM 000005
memcpy@s                                           cstackCOMRAM 00000A
memcpy@s1                                          cstackCOMRAM 000003
memcpy@tmp                                         cstackCOMRAM 000007
memset@c                                           cstackCOMRAM 000003
memset@dest                                        cstackCOMRAM 000001
memset@n                                           cstackCOMRAM 000005
memset@p                                           cstackCOMRAM 000007
multiplication_operation@num1_val                  cstackCOMRAM 000032
multiplication_operation@num2_val                  cstackCOMRAM 000036
multiplication_operation@result                    cstackCOMRAM 00003A
pad@buf                                            cstackCOMRAM 000010
pad@fp                                             cstackCOMRAM 00000F
pad@i                                              cstackCOMRAM 000015
pad@p                                              cstackCOMRAM 000012
powf@ax                                            cstackBANK1  000178
powf@hx                                            cstackBANK1  000168
powf@hy                                            cstackBANK1  000184
powf@i                                             cstackBANK1  000128
powf@is                                            cstackBANK1  000198
powf@ix                                            cstackBANK1  0001AC
powf@iy                                            cstackBANK1  000194
powf@j                                             cstackBANK1  0001A8
powf@k                                             cstackBANK1  0001A4
powf@n                                             cstackBANK1  000188
powf@p_h                                           cstackBANK1  0001A0
powf@p_l                                           cstackBANK1  00016C
powf@r                                             cstackBANK1  000150
powf@s                                             cstackBANK1  000158
powf@s2                                            cstackBANK1  000190
powf@s_h                                           cstackBANK1  000174
powf@s_l                                           cstackBANK1  000130
powf@sn                                            cstackBANK1  000164
powf@t                                             cstackBANK1  0001B0
powf@t1                                            cstackBANK1  00018C
powf@t2                                            cstackBANK1  00011C
powf@t_h                                           cstackBANK1  000170
powf@t_l                                           cstackBANK1  000134
powf@u                                             cstackBANK1  00017C
powf@v                                             cstackBANK1  000180
powf@w                                             cstackBANK1  000144
powf@x                                             cstackCOMRAM 00006F
powf@y                                             cstackCOMRAM 000073
powf@y1                                            cstackBANK1  00012C
powf@yisint                                        cstackBANK1  000154
powf@z                                             cstackBANK1  0001B4
powf@z_h                                           cstackBANK1  000120
powf@z_l                                           cstackBANK1  000124
read_prec_or_width@ap                              cstackCOMRAM 000008
read_prec_or_width@c                               cstackCOMRAM 000009
read_prec_or_width@fmt                             cstackCOMRAM 000007
read_prec_or_width@n                               cstackCOMRAM 00000A
scalbnf@n                                          cstackCOMRAM 000036
scalbnf@u                                          cstackCOMRAM 00003C
scalbnf@x                                          cstackCOMRAM 000032
scalbnf@y                                          cstackCOMRAM 000040
send_the_result_to_LCD@result                      cstackBANK0  0000CC
send_the_result_to_LCD@result_str                  cstackBANK1  000100
sprintf@ap                                         cstackBANK0  0000B9
sprintf@f                                          cstackBANK0  0000BA
sprintf@fmt                                        cstackBANK0  0000B4
sprintf@s                                          cstackBANK0  0000B2
sqrtf@i                                            cstackCOMRAM 00000E
sqrtf@ix                                           cstackCOMRAM 000022
sqrtf@m                                            cstackCOMRAM 00001A
sqrtf@q                                            cstackCOMRAM 000012
sqrtf@r                                            cstackCOMRAM 00001E
sqrtf@s                                            cstackCOMRAM 00000A
sqrtf@t                                            cstackCOMRAM 000016
sqrtf@x                                            cstackCOMRAM 000001
stackhi                                            (abs)        000000
stacklo                                            (abs)        000000
start                                              init         000000
start_initialization                               cinit        007118
strcpy@d                                           cstackCOMRAM 000005
strcpy@dest                                        cstackCOMRAM 000001
strcpy@src                                         cstackCOMRAM 000003
subtraction_operation@num1_val                     cstackCOMRAM 000063
subtraction_operation@num2_val                     cstackCOMRAM 000067
subtraction_operation@result                       cstackCOMRAM 00006B
sum_operation@num1_val                             cstackCOMRAM 000042
sum_operation@num2_val                             cstackCOMRAM 000046
sum_operation@result                               cstackCOMRAM 00004A
vfpfcnvrt@ap                                       cstackCOMRAM 000079
vfpfcnvrt@c                                        cstackBANK0  0000B0
vfpfcnvrt@convarg                                  cstackBANK0  0000AC
vfpfcnvrt@cp                                       cstackBANK0  0000B1
vfpfcnvrt@fmt                                      cstackCOMRAM 000078
vfpfcnvrt@fp                                       cstackCOMRAM 000077
vfprintf@ap                                        cstackCOMRAM 00007E
vfprintf@cfmt                                      cstackCOMRAM 00007F
vfprintf@fmt                                       cstackCOMRAM 00007D
vfprintf@fp                                        cstackCOMRAM 00007C


MODULE INFORMATION

Module		Function		Class		Link	Load	Size
C:\Program Files\Microchip\xc8\v2.45\pic\sources\c99\common\Umul16.c
		___wmul        		CODE           	7944	0000	38

C:\Program Files\Microchip\xc8\v2.45\pic\sources\c99\common\Umul16.c estimated size: 38

ECU_layer/chr_LCD/ecu_chr_LCD.c
		_lcd_4bit_send_enable_enable		CODE           	7840	0000	58
		_lcd_send_4bit 		CODE           	7232	0000	112
		_lcd_4bit_send_command		CODE           	7442	0000	94
		_lcd_4bit_send_string_pos		CODE           	71A6	0000	140
		_lcd_4bit_set_curser		CODE           	7080	0000	152
		_lcd_4bit_send_char_data		CODE           	73E4	0000	94
		_convert_int_to_string		CODE           	74F6	0000	80
		_lcd_4bit_send_char_data_pos		CODE           	778E	0000	60
		_lcd_4bit_initialize		CODE           	69C0	0000	242

ECU_layer/chr_LCD/ecu_chr_LCD.c estimated size: 1032

MCAL_layer/GPIO/hal_gpio.c
		_gpio_pin_write_logic		CODE           	6354	0000	300
		_gpio_pin_read_logic		CODE           	6F30	0000	170
		_gpio_pin_direction_initialize		CODE           	6210	0000	324
		_gpio_pin_initialize		CODE           	7312	0000	108

MCAL_layer/GPIO/hal_gpio.c estimated size: 902

C:\Program Files\Microchip\xc8\v2.45\pic\sources\c99\common\fleq.c
		___fleq        		CODE           	6E86	0000	170

C:\Program Files\Microchip\xc8\v2.45\pic\sources\c99\common\fleq.c estimated size: 170

calculator_function/calculator_functions.c
		_convert_float_to_string		CODE           	75DC	0000	64
		_initialize_var		CODE           	6B90	0000	200
		_Division_operation		CODE           	77CA	0000	60
		_get_number_and_operartion		CODE           	5CFC	0000	486
		_multiplication_operation		CODE           	7752	0000	60
		_convert_arr_to_float		CODE           	6480	0000	296
		_get_third_number_and_third_operartion		CODE           	5668	0000	590
		_subtraction_operation		CODE           	7716	0000	60
		_send_the_result_to_LCD		CODE           	6AB2	0000	222
		_sum_operation 		CODE           	76DA	0000	60

calculator_function/calculator_functions.c estimated size: 2098

C:\Program Files\Microchip\xc8\v2.45\pic\sources\c99\common\memcpy.c
		_memcpy        		CODE           	7546	0000	80

C:\Program Files\Microchip\xc8\v2.45\pic\sources\c99\common\memcpy.c estimated size: 80

ECU_layer/Keypad/ecu_keypad.c
		_ecu_keypad_get_value		CODE           	65A8	0000	272
		_ecu_keypad_initialize		CODE           	72A2	0000	112

ECU_layer/Keypad/ecu_keypad.c estimated size: 384

C:\Program Files\Microchip\xc8\v2.45\pic\sources\c99\common\flneg.c
		___flneg       		CODE           	78B2	0000	56

C:\Program Files\Microchip\xc8\v2.45\pic\sources\c99\common\flneg.c estimated size: 56

ECU_layer/ecu_layer_init.c
		_ecu_layer_Initialization		CODE           	796A	0000	22

ECU_layer/ecu_layer_init.c estimated size: 22

C:\Program Files\Microchip\xc8\v2.45\pic\sources\c99\common\powf.c
		_powf          		CODE           	10D6	0000	9002

C:\Program Files\Microchip\xc8\v2.45\pic\sources\c99\common\powf.c estimated size: 9002

newmain.c
		_main          		CODE           	3DE8	0000	1432
		_Application_Initialization		CODE           	7998	0000	6

newmain.c estimated size: 1438

C:\Program Files\Microchip\xc8\v2.45\pic\sources\c99\common\sprcmul.c
		___flmul       		CODE           	4840	0000	1066

C:\Program Files\Microchip\xc8\v2.45\pic\sources\c99\common\sprcmul.c estimated size: 1066

C:\Program Files\Microchip\xc8\v2.45\pic\sources\c99\common\labs.c
		_labs          		CODE           	74A0	0000	86

C:\Program Files\Microchip\xc8\v2.45\pic\sources\c99\common\labs.c estimated size: 86

C:\Program Files\Microchip\xc8\v2.45\pic\sources\c99\common\nf_fputs.c
		_fputs         		CODE           	765C	0000	64

C:\Program Files\Microchip\xc8\v2.45\pic\sources\c99\common\nf_fputs.c estimated size: 64

C:\Program Files\Microchip\xc8\v2.45\pic\sources\c99\common\sprcdiv.c
		___fldiv       		CODE           	5048	0000	922

C:\Program Files\Microchip\xc8\v2.45\pic\sources\c99\common\sprcdiv.c estimated size: 922

C:\Program Files\Microchip\xc8\v2.45\pic\sources\c99\common\floorf.c
		_floorf        		CODE           	5AEA	0000	530

C:\Program Files\Microchip\xc8\v2.45\pic\sources\c99\common\floorf.c estimated size: 530

C:\Program Files\Microchip\xc8\v2.45\pic\sources\c99\common\nf_sprintf.c
		_sprintf       		CODE           	761C	0000	64

C:\Program Files\Microchip\xc8\v2.45\pic\sources\c99\common\nf_sprintf.c estimated size: 64

C:\Program Files\Microchip\xc8\v2.45\pic\sources\c99\common\scalbnf.c
		_scalbnf       		CODE           	58B6	0000	564

C:\Program Files\Microchip\xc8\v2.45\pic\sources\c99\common\scalbnf.c estimated size: 564

C:\Program Files\Microchip\xc8\v2.45\pic\sources\c99\common\awmod.c
		___awmod       		CODE           	6DD6	0000	176

C:\Program Files\Microchip\xc8\v2.45\pic\sources\c99\common\awmod.c estimated size: 176

C:\Program Files\Microchip\xc8\v2.45\pic\sources\c99\common\putch.c
		_putch         		CODE           	799E	0000	2

C:\Program Files\Microchip\xc8\v2.45\pic\sources\c99\common\putch.c estimated size: 2

C:\Program Files\Microchip\xc8\v2.45\pic\sources\c99\common\flge.c
		___flge        		CODE           	67BE	0000	260

C:\Program Files\Microchip\xc8\v2.45\pic\sources\c99\common\flge.c estimated size: 260

shared
		_L5            		SMALLCONST     	0000	0000	0
		_P3            		SMALLCONST     	0000	0000	0
		_L6            		SMALLCONST     	0000	0000	0
		_P4            		SMALLCONST     	0000	0000	0
		_P5            		SMALLCONST     	0000	0000	0
		_lg2_l         		SMALLCONST     	0000	0000	0
		_ivln2_l       		SMALLCONST     	0000	0000	0
		_ivln2         		SMALLCONST     	0000	0000	0
		__initialization		CODE           	7118	0000	132
		_bp            		SMALLCONST     	1011	0000	8
		_cp            		SMALLCONST     	0000	0000	0
		_cp_h          		SMALLCONST     	0000	0000	0
		_dp_h          		SMALLCONST     	1009	0000	8
		_lg2           		SMALLCONST     	0000	0000	0
		_lg2_h         		SMALLCONST     	0000	0000	0
		_ivln2_h       		SMALLCONST     	0000	0000	0
		_ovt           		SMALLCONST     	0000	0000	0
		_two24         		SMALLCONST     	0000	0000	0
		_cp_l          		SMALLCONST     	0000	0000	0
		_dp_l          		SMALLCONST     	1001	0000	8
		_L1            		SMALLCONST     	0000	0000	0
		_L2            		SMALLCONST     	0000	0000	0
		_L3            		SMALLCONST     	0000	0000	0
		_P1            		SMALLCONST     	0000	0000	0
		_L4            		SMALLCONST     	0000	0000	0
		_P2            		SMALLCONST     	0000	0000	0

shared estimated size: 156

C:\Program Files\Microchip\xc8\v2.45\pic\sources\c99\common\xxtofl.c
		___xxtofl      		CODE           	5EE2	0000	436

C:\Program Files\Microchip\xc8\v2.45\pic\sources\c99\common\xxtofl.c estimated size: 436

C:\Program Files\Microchip\xc8\v2.45\pic\sources\c99\common\abs.c
		_abs           		CODE           	78EA	0000	52

C:\Program Files\Microchip\xc8\v2.45\pic\sources\c99\common\abs.c estimated size: 52

C:\Program Files\Microchip\xc8\v2.45\pic\sources\c99\common\__fpclassifyf.c
		___fpclassifyf 		CODE           	68C2	0000	254

C:\Program Files\Microchip\xc8\v2.45\pic\sources\c99\common\__fpclassifyf.c estimated size: 254

C:\Program Files\Microchip\xc8\v2.45\pic\sources\c99\common\strcpy.c
		_strcpy        		CODE           	7806	0000	58

C:\Program Files\Microchip\xc8\v2.45\pic\sources\c99\common\strcpy.c estimated size: 58

C:\Program Files\Microchip\xc8\v2.45\pic\sources\c99\common\memset.c
		_memset        		CODE           	787A	0000	56

C:\Program Files\Microchip\xc8\v2.45\pic\sources\c99\common\memset.c estimated size: 56

C:\Program Files\Microchip\xc8\v2.45\pic\sources\c99\common\sprcadd.c
		___flsub       		CODE           	7596	0000	70
		___fladd       		CODE           	4380	0000	1216

C:\Program Files\Microchip\xc8\v2.45\pic\sources\c99\common\sprcadd.c estimated size: 1286

C:\Program Files\Microchip\xc8\v2.45\pic\sources\c99\common\nf_fputc.c
		_fputc         		CODE           	6D1C	0000	186

C:\Program Files\Microchip\xc8\v2.45\pic\sources\c99\common\nf_fputc.c estimated size: 186

C:\Program Files\Microchip\xc8\v2.45\pic\sources\c99\common\doprnt.c
		_read_prec_or_width		CODE           	6FDA	0000	166
		_vfpfcnvrt     		CODE           	53E2	0000	646
		_efgtoa        		CODE           	3400	0000	2536
		_pad           		CODE           	737E	0000	102
		_dtoa          		CODE           	6096	0000	378
		_vfprintf      		CODE           	769C	0000	62

C:\Program Files\Microchip\xc8\v2.45\pic\sources\c99\common\doprnt.c estimated size: 3890

C:\Program Files\Microchip\xc8\v2.45\pic\sources\c99\common\sqrtf.c
		_sqrtf         		CODE           	4C6A	0000	990

C:\Program Files\Microchip\xc8\v2.45\pic\sources\c99\common\sqrtf.c estimated size: 990

C:\Program Files\Microchip\xc8\v2.45\pic\sources\c99\common\awdiv.c
		___awdiv       		CODE           	6C58	0000	196

C:\Program Files\Microchip\xc8\v2.45\pic\sources\c99\common\awdiv.c estimated size: 196

C:\Program Files\Microchip\xc8\v2.45\pic\sources\c99\common\fltol.c
		___fltol       		CODE           	66B8	0000	262

C:\Program Files\Microchip\xc8\v2.45\pic\sources\c99\common\fltol.c estimated size: 262

